✔ CLI still prepares valid attempts without launching a child (3650.424623ms)
✔ CLI rejects out-of-budget attempts before creating dispatch artifacts (351.346475ms)
✔ existing host verification reuses unaffected evidence without executing the check again (37.959693ms)
✔ same-phase ordinal accommodates initial work plus three repairs (2.00251ms)
✔ four successful new candidate slices need no retry permission (1.747418ms)
✔ captured-report failure cannot relaunch with a free-text report-fix reason (0.410271ms)
✔ bare recovery action without native/host provenance cannot authorize launch (0.343193ms)
✔ throw preserves unknown execution and error without promoting to product pass (0.305082ms)
✔ public API rejects no-shell execution exactly like CLI (184.463795ms)
✔ declared missing skill blocks both API and CLI before artifacts (1729.327416ms)
✔ work/checks reach the child and summary-only cannot pass a contracted review (3.770526ms)
✔ renaming phases cannot reset three authorized repairs after initial failure (1.302398ms)
✔ failed execution keeps a captured product report distinct, never accepts it (0.916547ms)
✔ missing report cannot trigger another same-source launch after clearing active marker (0.580868ms)
✔ normal successful progression does not require pretending a failure occurred (0.818941ms)
✔ missing, foreign, duplicate and unobserved criteria never pass (0.828588ms)
✔ static review cannot pass on a different final source binding (0.263522ms)
✔ declared execution command is retained once in the actual child task (0.310605ms)
✔ matched criterion observations can pass without running browser in static role (0.287231ms)
✔ new dispatch requires an explicit responsibility instead of silently dropping work (34.527809ms)
✔ effective no-shell profile cannot receive an execution command (210.981771ms)
✔ capable verifier prepares explicit browser checks without executing them (1013.85628ms)
✔ parent-only checks and undeclared browser execution fail before dispatch (64.34056ms)
✔ browser work cannot be assigned to static QA even with no command declared (31.12538ms)
✔ invalid taskId and phase are rejected at both preparation entrypoints (4.186203ms)
✔ ordinary and Goal preparation both reject the same missing-skill override (1522.60975ms)
✔ a terminal reconciled throw can be accepted without rewriting its failed history (30.729034ms)
✔ unreconciled failure with a runId cannot pass merely by clearing the marker (27.76692ms)
✔ writer self-pass does not authorize another same-role step without parent disposition (24.32602ms)
✔ host-rejected writer passes consume three repairs, never a fourth (128.916916ms)
✔ four parent-accepted slices continue without spending repair budget (34.003686ms)
✔ report-only cannot replay work; explicit continue after report resolution permits the next slice (25.611036ms)
✔ a declared repair cannot borrow a free continue decision or an empty rejection (26.328158ms)
✔ terminal launch with a failed final record save can be recovered and accepted (29.006527ms)
✔ fifty reconciled successful slices fit native state without rerunning the host check (167.068069ms)
ℹ 50 reconciled slices: 57691 bytes; one host check receipt reused
✔ recovery with a foreign request or child identity cannot settle execution (29.460828ms)
✔ terminal native receipt + fresh host check produces zero-launch guarded recovery (50.445758ms)
✔ active native child, foreign identity, stale source, changed record all fail closed (34.402821ms)
✔ captured pass without product rejection cannot retry; report-only never authorizes replay (34.210241ms)
✔ recover pre-launch write failure at goal-admissions.task.team.implementer (39.85892ms)
✔ recover pre-launch write failure at teamGoalActiveStep (31.608045ms)
✔ real native state capacity failure retains a smaller positive no-launch proof (40.5081ms)
✔ marker write committed then threw still proves no launch (25.152983ms)
✔ failed proof save preserves the original error and remains unknown (21.733612ms)
✔ an attempted launch cannot use empty native steps as no-launch proof (32.204929ms)
✔ no-launch recovery rejects missing, active, conflicting or stale evidence (30.368965ms)
ℹ tests 46
ℹ suites 0
ℹ pass 46
ℹ fail 0
ℹ cancelled 0
ℹ skipped 0
ℹ todo 0
ℹ duration_ms 4056.007145
