✔ CLI still prepares valid attempts without launching a child (3917.660852ms)
✔ CLI rejects out-of-budget attempts before creating dispatch artifacts (345.968251ms)
✔ existing host verification reuses unaffected evidence without executing the check again (40.828306ms)
✔ same-phase ordinal accommodates initial work plus three repairs (4.056743ms)
✔ four successful new candidate slices need no retry permission (2.636773ms)
✔ captured-report failure cannot relaunch with a free-text report-fix reason (0.623339ms)
✔ bare recovery action without native/host provenance cannot authorize launch (0.629639ms)
✔ throw preserves unknown execution and error without promoting to product pass (0.631082ms)
✔ public API rejects no-shell execution exactly like CLI (207.545207ms)
✔ declared missing skill blocks both API and CLI before artifacts (1940.427725ms)
✔ terminal native receipt + fresh host check produces zero-launch guarded recovery (49.937751ms)
✔ active native child, foreign identity, stale source, changed record all fail closed (34.830852ms)
✔ captured pass without product rejection cannot retry; report-only never authorizes replay (29.785958ms)
✔ work/checks reach the child and summary-only cannot pass a contracted review (5.053886ms)
✔ renaming phases cannot reset three authorized repairs after initial failure (2.123794ms)
✔ failed execution keeps a captured product report distinct, never accepts it (0.516625ms)
✔ missing report cannot trigger another same-source launch after clearing active marker (1.095738ms)
✔ normal successful progression does not require pretending a failure occurred (0.771828ms)
✔ missing, foreign, duplicate and unobserved criteria never pass (0.819658ms)
✔ static review cannot pass on a different final source binding (0.245661ms)
✔ declared execution command is retained once in the actual child task (0.308799ms)
✔ matched criterion observations can pass without running browser in static role (0.251722ms)
✔ new dispatch requires an explicit responsibility instead of silently dropping work (47.996146ms)
✔ effective no-shell profile cannot receive an execution command (221.890164ms)
✔ capable verifier prepares explicit browser checks without executing them (1013.959502ms)
✔ parent-only checks and undeclared browser execution fail before dispatch (63.441787ms)
✔ browser work cannot be assigned to static QA even with no command declared (31.100644ms)
✔ invalid taskId and phase are rejected at both preparation entrypoints (2.890665ms)
✔ ordinary and Goal preparation both reject the same missing-skill override (1773.955708ms)
✔ a terminal reconciled throw can be accepted without rewriting its failed history (37.913191ms)
✔ unreconciled failure with a runId cannot pass merely by clearing the marker (25.556825ms)
✔ writer self-pass does not authorize another same-role step without parent disposition (22.304745ms)
✔ host-rejected writer passes consume three repairs, never a fourth (119.497343ms)
✔ four parent-accepted slices continue without spending repair budget (34.60912ms)
✔ report-only cannot replay work; explicit continue after report resolution permits the next slice (24.396158ms)
✔ a declared repair cannot borrow a free continue decision or an empty rejection (25.342461ms)
✔ terminal launch with a failed final record save can be recovered and accepted (23.512006ms)
✔ fifty reconciled successful slices fit native state without rerunning the host check (162.434003ms)
ℹ 50 reconciled slices: 57691 bytes; one host check receipt reused
✔ recovery with a foreign request or child identity cannot settle execution (33.789454ms)
✔ recover pre-launch write failure at goal-admissions.task.team.implementer (34.442995ms)
✔ recover pre-launch write failure at teamGoalActiveStep (27.169896ms)
✔ marker write committed then threw still proves no launch (32.058757ms)
✔ failed proof save preserves the original error and remains unknown (28.916528ms)
✔ an attempted launch cannot use empty native steps as no-launch proof (20.992005ms)
✔ no-launch recovery rejects missing, active, conflicting or stale evidence (23.431421ms)
ℹ tests 45
ℹ suites 0
ℹ pass 45
ℹ fail 0
ℹ cancelled 0
ℹ skipped 0
ℹ todo 0
ℹ duration_ms 4325.488389
