/home/timmypai/.pi/agent/teams/goal-task-step.js: OK
/home/timmypai/.pi/agent/teams/goal-request.mjs: OK
/home/timmypai/.pi/agent/teams/check-config.mjs: OK
/home/timmypai/.pi/agent/teams/check-goal-team.mjs: OK
/home/timmypai/.pi/agent/teams/check-goal-hold-wake.mjs: OK
/home/timmypai/.pi/agent/teams/check-goal-completion.mjs: OK
/home/timmypai/.pi/agent/teams/check-goal-step-storage.mjs: OK
/home/timmypai/.pi/agent/teams/check-selected-role-preflight.mjs: OK
/home/timmypai/.pi/agent/teams/check-reliability-patch.mjs: OK
/home/timmypai/.pi/agent/teams/GOAL-TEAMS.md: OK
/home/timmypai/.pi/agent/teams/HANDOFF-PRACTICE.md: OK
/home/timmypai/.pi/agent/teams/OPERATING-MODEL.md: OK
/home/timmypai/.pi/agent/npm/node_modules/pi-goal-x/extensions/goal-team-hold.ts: OK
/home/timmypai/.pi/agent/npm/node_modules/pi-goal-x/extensions/goal-events.ts: OK
/home/timmypai/.pi/agent/npm/node_modules/pi-goal-x/extensions/goal-completion.ts: OK
/home/timmypai/.pi/agent/npm/node_modules/pi-goal-x/extensions/goal-task-tools.ts: OK
/home/timmypai/.pi/agent/teams/patches/goal-team-reliability/preimage/extensions/goal-team-hold.ts.txt: OK
/home/timmypai/.pi/agent/teams/patches/goal-team-reliability/postimage/extensions/goal-team-hold.ts.txt: OK
/home/timmypai/.pi/agent/teams/patches/goal-team-reliability/preimage/extensions/goal-events.ts.txt: OK
/home/timmypai/.pi/agent/teams/patches/goal-team-reliability/postimage/extensions/goal-events.ts.txt: OK
/home/timmypai/.pi/agent/teams/patches/goal-team-reliability/preimage/extensions/goal-completion.ts.txt: OK
/home/timmypai/.pi/agent/teams/patches/goal-team-reliability/postimage/extensions/goal-completion.ts.txt: OK
/home/timmypai/.pi/agent/teams/patches/goal-team-reliability/preimage/extensions/goal-task-tools.ts.txt: OK
/home/timmypai/.pi/agent/teams/patches/goal-team-reliability/postimage/extensions/goal-task-tools.ts.txt: OK
/home/timmypai/.pi/agent/teams/patches/goal-team-reliability/apply.mjs: OK
/home/timmypai/.pi/agent/teams/patches/goal-team-reliability/verify-runtime.mjs: OK
/home/timmypai/.pi/agent/teams/patches/goal-team-reliability/manifest.json: OK
/home/timmypai/.pi/agent/teams/patches/goal-team-reliability/README.md: OK
