✖ invalid taskId and phase are rejected at both preparation entrypoints (1.885155ms)
ℹ tests 1
ℹ suites 0
ℹ pass 0
ℹ fail 1
ℹ cancelled 0
ℹ skipped 0
ℹ todo 0
ℹ duration_ms 90.546718

✖ failing tests:

test at ../../.pi/agent/teams/goal-team-evidence/audit-fixes-20260908/preparation.test.mjs:14:1
✖ invalid taskId and phase are rejected at both preparation entrypoints (1.885155ms)
  AssertionError [ERR_ASSERTION]: Missing expected exception.
      at TestContext.<anonymous> (file:///home/timmypai/.pi/agent/teams/goal-team-evidence/audit-fixes-20260908/preparation.test.mjs:18:10)
      at Test.runInAsyncScope (node:async_hooks:227:14)
      at Test.run (node:internal/test_runner/test:1325:25)
      at Test.start (node:internal/test_runner/test:1191:17)
      at startSubtestAfterBootstrap (node:internal/test_runner/harness:385:17) {
    generatedMessage: false,
    code: 'ERR_ASSERTION',
    actual: undefined,
    expected: /Invalid taskId/,
    operator: 'throws',
    diff: 'simple'
  }
