✔ invalid taskId and phase are rejected at both preparation entrypoints (2.618413ms)
✖ ordinary and Goal preparation both reject the same missing-skill override (191.679797ms)
ℹ tests 2
ℹ suites 0
ℹ pass 1
ℹ fail 1
ℹ cancelled 0
ℹ skipped 0
ℹ todo 0
ℹ duration_ms 291.535804

✖ failing tests:

test at ../../.pi/agent/teams/goal-team-evidence/audit-fixes-20260908/preparation.test.mjs:23:1
✖ ordinary and Goal preparation both reject the same missing-skill override (191.679797ms)
  AssertionError [ERR_ASSERTION]: Missing expected rejection.
      at async TestContext.<anonymous> (file:///home/timmypai/.pi/agent/teams/goal-team-evidence/audit-fixes-20260908/preparation.test.mjs:28:2)
      at async Test.run (node:internal/test_runner/test:1332:7)
      at async Test.processPendingSubtests (node:internal/test_runner/test:911:7) {
    generatedMessage: false,
    code: 'ERR_ASSERTION',
    actual: undefined,
    expected: /readiness preflight failed/,
    operator: 'rejects',
    diff: 'simple'
  }
