✖ four successful new candidate slices need no retry permission (1.855854ms)
✖ captured-report failure cannot relaunch with a free-text report-fix reason (2.028403ms)
✖ throw preserves unknown execution and error without promoting to product pass (0.874107ms)
ℹ tests 3
ℹ suites 0
ℹ pass 0
ℹ fail 3
ℹ cancelled 0
ℹ skipped 0
ℹ todo 0
ℹ duration_ms 50.685608

✖ failing tests:

test at ../../.pi/agent/teams/goal-team-evidence/usability-fixes-20260908/lifecycle.test.mjs:11:1
✖ four successful new candidate slices need no retry permission (1.855854ms)
  Error: New admission requires diagnosed reason and evidence
      at eval (eval at <anonymous> (file:///home/timmypai/.pi/agent/teams/goal-team-evidence/usability-fixes-20260908/lifecycle.test.mjs:6:15), <anonymous>:119:11)
      at async TestContext.<anonymous> (file:///home/timmypai/.pi/agent/teams/goal-team-evidence/usability-fixes-20260908/lifecycle.test.mjs:13:76)
      at async Test.run (node:internal/test_runner/test:1332:7)
      at async startSubtestAfterBootstrap (node:internal/test_runner/harness:385:3)

test at ../../.pi/agent/teams/goal-team-evidence/usability-fixes-20260908/lifecycle.test.mjs:16:1
✖ captured-report failure cannot relaunch with a free-text report-fix reason (2.028403ms)
  AssertionError [ERR_ASSERTION]: Missing expected rejection.
      at async TestContext.<anonymous> (file:///home/timmypai/.pi/agent/teams/goal-team-evidence/usability-fixes-20260908/lifecycle.test.mjs:20:2)
      at async Test.run (node:internal/test_runner/test:1332:7)
      at async Test.processPendingSubtests (node:internal/test_runner/test:911:7) {
    generatedMessage: false,
    code: 'ERR_ASSERTION',
    actual: undefined,
    expected: /recovery|reconcil/i,
    operator: 'rejects',
    diff: 'simple'
  }

test at ../../.pi/agent/teams/goal-team-evidence/usability-fixes-20260908/lifecycle.test.mjs:22:1
✖ throw preserves unknown execution and error without promoting to product pass (0.874107ms)
  AssertionError [ERR_ASSERTION]: Expected values to be strictly deep-equal:
  + actual - expected
  
  + undefined
  - {
  -   execution: 'unknown',
  -   product: 'unknown',
  -   reportDelivery: 'unknown'
  - }
  
      at TestContext.<anonymous> (file:///home/timmypai/.pi/agent/teams/goal-team-evidence/usability-fixes-20260908/lifecycle.test.mjs:26:9)
      at async Test.run (node:internal/test_runner/test:1332:7)
      at async Test.processPendingSubtests (node:internal/test_runner/test:911:7) {
    generatedMessage: true,
    code: 'ERR_ASSERTION',
    actual: undefined,
    expected: { execution: 'unknown', reportDelivery: 'unknown', product: 'unknown' },
    operator: 'deepStrictEqual',
    diff: 'simple'
  }
