✖ public API rejects no-shell execution exactly like CLI (9.346213ms)
✖ declared missing skill blocks both API and CLI before artifacts (1.740747ms)
ℹ tests 2
ℹ suites 0
ℹ pass 0
ℹ fail 2
ℹ cancelled 0
ℹ skipped 0
ℹ todo 0
ℹ duration_ms 62.649033

✖ failing tests:

test at ../../.pi/agent/teams/goal-team-evidence/usability-fixes-20260908/preparation.test.mjs:9:1
✖ public API rejects no-shell execution exactly like CLI (9.346213ms)
  AssertionError [ERR_ASSERTION]: The input did not match the regular expression /shell/. Input:
  
  ''
  
      at TestContext.<anonymous> (file:///home/timmypai/.pi/agent/teams/goal-team-evidence/usability-fixes-20260908/preparation.test.mjs:11:9)
      at async Test.run (node:internal/test_runner/test:1332:7)
      at async startSubtestAfterBootstrap (node:internal/test_runner/harness:385:3) {
    generatedMessage: true,
    code: 'ERR_ASSERTION',
    actual: '',
    expected: /shell/,
    operator: 'match',
    diff: 'simple'
  }

test at ../../.pi/agent/teams/goal-team-evidence/usability-fixes-20260908/preparation.test.mjs:15:1
✖ declared missing skill blocks both API and CLI before artifacts (1.740747ms)
  AssertionError [ERR_ASSERTION]: The input did not match the regular expression /readiness|role preflight/. Input:
  
  ''
  
      at TestContext.<anonymous> (file:///home/timmypai/.pi/agent/teams/goal-team-evidence/usability-fixes-20260908/preparation.test.mjs:22:9)
      at async Test.run (node:internal/test_runner/test:1332:7)
      at async Test.processPendingSubtests (node:internal/test_runner/test:911:7) {
    generatedMessage: true,
    code: 'ERR_ASSERTION',
    actual: '',
    expected: /readiness|role preflight/,
    operator: 'match',
    diff: 'simple'
  }
