✖ new dispatch requires an explicit responsibility instead of silently dropping work (40.015983ms)
✖ effective no-shell profile cannot receive an execution command (45.375341ms)
✔ browser work cannot be assigned to static QA even with no command declared (47.064871ms)
ℹ tests 3
ℹ suites 0
ℹ pass 1
ℹ fail 2
ℹ cancelled 0
ℹ skipped 0
ℹ todo 0
ℹ duration_ms 190.019723

✖ failing tests:

test at ../../.pi/agent/teams/goal-team-evidence/efficiency-20260908/work-contract.test.mjs:23:1
✖ new dispatch requires an explicit responsibility instead of silently dropping work (40.015983ms)
  AssertionError [ERR_ASSERTION]: Expected values to be strictly equal:
  
  0 !== 1
  
      at TestContext.<anonymous> (file:///home/timmypai/.pi/agent/teams/goal-team-evidence/efficiency-20260908/work-contract.test.mjs:25:10)
      at Test.runInAsyncScope (node:async_hooks:227:14)
      at Test.run (node:internal/test_runner/test:1325:25)
      at Test.start (node:internal/test_runner/test:1191:17)
      at startSubtestAfterBootstrap (node:internal/test_runner/harness:385:17) {
    generatedMessage: true,
    code: 'ERR_ASSERTION',
    actual: 0,
    expected: 1,
    operator: 'strictEqual',
    diff: 'simple'
  }

test at ../../.pi/agent/teams/goal-team-evidence/efficiency-20260908/work-contract.test.mjs:29:1
✖ effective no-shell profile cannot receive an execution command (45.375341ms)
  AssertionError [ERR_ASSERTION]: Expected values to be strictly equal:
  
  0 !== 1
  
      at TestContext.<anonymous> (file:///home/timmypai/.pi/agent/teams/goal-team-evidence/efficiency-20260908/work-contract.test.mjs:31:10)
      at Test.runInAsyncScope (node:async_hooks:227:14)
      at Test.run (node:internal/test_runner/test:1325:25)
      at Test.processPendingSubtests (node:internal/test_runner/test:911:18)
      at Test.postRun (node:internal/test_runner/test:1465:19)
      at Test.run (node:internal/test_runner/test:1390:12)
      at async startSubtestAfterBootstrap (node:internal/test_runner/harness:385:3) {
    generatedMessage: true,
    code: 'ERR_ASSERTION',
    actual: 0,
    expected: 1,
    operator: 'strictEqual',
    diff: 'simple'
  }
