✖ work/checks reach the child and summary-only cannot pass a contracted review (1.928394ms)
✔ matched criterion observations can pass without running browser in static role (0.282685ms)
ℹ tests 2
ℹ suites 0
ℹ pass 1
ℹ fail 1
ℹ cancelled 0
ℹ skipped 0
ℹ todo 0
ℹ duration_ms 50.260998

✖ failing tests:

test at ../../.pi/agent/teams/goal-team-evidence/efficiency-20260908/step-contract.test.mjs:13:1
✖ work/checks reach the child and summary-only cannot pass a contracted review (1.928394ms)
  AssertionError [ERR_ASSERTION]: Expected values to be strictly equal:
  + actual - expected
  
  + 'reported'
  - 'blocked'
  
      at TestContext.<anonymous> (file:///home/timmypai/.pi/agent/teams/goal-team-evidence/efficiency-20260908/step-contract.test.mjs:17:9)
      at async Test.run (node:internal/test_runner/test:1332:7)
      at async startSubtestAfterBootstrap (node:internal/test_runner/harness:385:3) {
    generatedMessage: true,
    code: 'ERR_ASSERTION',
    actual: 'reported',
    expected: 'blocked',
    operator: 'strictEqual',
    diff: 'simple'
  }
