✖ CLI rejects out-of-budget attempts before creating dispatch artifacts (31.517489ms)
ℹ tests 1
ℹ suites 0
ℹ pass 0
ℹ fail 1
ℹ cancelled 0
ℹ skipped 0
ℹ todo 0
ℹ duration_ms 82.000013

✖ failing tests:

test at ../../.pi/agent/teams/goal-team-evidence/efficiency-20260908/dispatch-cli.test.mjs:10:1
✖ CLI rejects out-of-budget attempts before creating dispatch artifacts (31.517489ms)
  AssertionError [ERR_ASSERTION]: attempt 4 must fail at preparation ()
  
  0 !== 1
  
      at TestContext.<anonymous> (file:///home/timmypai/.pi/agent/teams/goal-team-evidence/efficiency-20260908/dispatch-cli.test.mjs:25:16)
      at Test.runInAsyncScope (node:async_hooks:227:14)
      at Test.run (node:internal/test_runner/test:1325:25)
      at Test.start (node:internal/test_runner/test:1191:17)
      at startSubtestAfterBootstrap (node:internal/test_runner/harness:385:17) {
    generatedMessage: false,
    code: 'ERR_ASSERTION',
    actual: 0,
    expected: 1,
    operator: 'strictEqual',
    diff: 'simple'
  }
