✖ browser work cannot be assigned to static QA even with no command declared (104.63819ms)
ℹ tests 1
ℹ suites 0
ℹ pass 0
ℹ fail 1
ℹ cancelled 0
ℹ skipped 0
ℹ todo 0
ℹ duration_ms 173.979618

✖ failing tests:

test at ../../.pi/agent/teams/goal-team-evidence/efficiency-20260908/work-contract.test.mjs:23:1
✖ browser work cannot be assigned to static QA even with no command declared (104.63819ms)
  AssertionError [ERR_ASSERTION]: must reject before producing a launch packet
  
  0 !== 1
  
      at TestContext.<anonymous> (file:///home/timmypai/.pi/agent/teams/goal-team-evidence/efficiency-20260908/work-contract.test.mjs:25:10)
      at Test.runInAsyncScope (node:async_hooks:227:14)
      at Test.run (node:internal/test_runner/test:1325:25)
      at Test.start (node:internal/test_runner/test:1191:17)
      at startSubtestAfterBootstrap (node:internal/test_runner/harness:385:17) {
    generatedMessage: false,
    code: 'ERR_ASSERTION',
    actual: 0,
    expected: 1,
    operator: 'strictEqual',
    diff: 'simple'
  }
