node:internal/modules/run_main:107
    triggerUncaughtException(
    ^

AssertionError [ERR_ASSERTION]: role readiness preflight failed: node:internal/modules/run_main:107
    triggerUncaughtException(
    ^

AssertionError [ERR_ASSERTION]: --roles requires unique canonical team.* names
    at file:///home/timmypai/.pi/agent/teams/check-config.mjs:25:8
    at ModuleJob.run (node:internal/modules/esm/module_job:439:25)
    at async node:internal/modules/esm/loader:643:26
    at async asyncRunEntryPointWithESMLoader (node:internal/modules/run_main:101:5) {
  generatedMessage: false,
  code: 'ERR_ASSERTION',
  actual: false,
  expected: true,
  operator: '==',
  diff: 'simple'
}

Node.js v24.18.0

    at prepareGoalDispatch (file:///home/timmypai/.pi/agent/teams/goal-request.mjs:106:10)
    at async file:///home/timmypai/.pi/agent/teams/goal-team-evidence/skills-ready-20260908/check-skills.mjs:21:18 {
  generatedMessage: false,
  code: 'ERR_ASSERTION',
  actual: false,
  expected: true,
  operator: '==',
  diff: 'simple'
}

Node.js v24.18.0
