/home/timmypai/.pi/agent/npm/node_modules/pi-goal-x/extensions/goal-completion.ts: OK
/home/timmypai/.pi/agent/npm/node_modules/pi-goal-x/extensions/goal-events.ts: OK
/home/timmypai/.pi/agent/npm/node_modules/pi-goal-x/extensions/goal-runtime.ts: OK
/home/timmypai/.pi/agent/npm/node_modules/pi-goal-x/extensions/goal-service.ts: OK
/home/timmypai/.pi/agent/npm/node_modules/pi-goal-x/extensions/goal-task-tools.ts: OK
/home/timmypai/.pi/agent/npm/node_modules/pi-goal-x/extensions/goal-team-evidence.mjs: OK
/home/timmypai/.pi/agent/npm/node_modules/pi-goal-x/extensions/goal-team-hold.ts: OK
/home/timmypai/.pi/agent/teams/EVIDENCE-PRACTICE.md: OK
/home/timmypai/.pi/agent/teams/GOAL-TEAMS.md: OK
/home/timmypai/.pi/agent/teams/HANDOFF-PRACTICE.md: OK
/home/timmypai/.pi/agent/teams/OPERATING-MODEL.md: OK
/home/timmypai/.pi/agent/teams/check-config.mjs: OK
/home/timmypai/.pi/agent/teams/check-goal-completion.mjs: OK
/home/timmypai/.pi/agent/teams/check-goal-dispatch.mjs: OK
/home/timmypai/.pi/agent/teams/check-host-evidence.mjs: OK
/home/timmypai/.pi/agent/teams/check-reliability-patch.mjs: OK
/home/timmypai/.pi/agent/teams/check-selected-role-preflight.mjs: OK
/home/timmypai/.pi/agent/teams/goal-request.mjs: OK
/home/timmypai/.pi/agent/teams/goal-task-step.js: OK
/home/timmypai/.pi/agent/teams/host-evidence.mjs: OK
/home/timmypai/.pi/agent/teams/patches/goal-team-delivery/README.md: OK
/home/timmypai/.pi/agent/teams/patches/goal-team-delivery/apply.mjs: OK
/home/timmypai/.pi/agent/teams/patches/goal-team-delivery/manifest.json: OK
/home/timmypai/.pi/agent/teams/patches/goal-team-delivery/postimage/extensions/goal-completion.ts.txt: OK
/home/timmypai/.pi/agent/teams/patches/goal-team-delivery/postimage/extensions/goal-task-tools.ts.txt: OK
/home/timmypai/.pi/agent/teams/patches/goal-team-delivery/postimage/extensions/goal-team-evidence.mjs.txt: OK
/home/timmypai/.pi/agent/teams/patches/goal-team-delivery/preimage/extensions/goal-completion.ts.txt: OK
/home/timmypai/.pi/agent/teams/patches/goal-team-delivery/preimage/extensions/goal-task-tools.ts.txt: OK
/home/timmypai/.pi/agent/teams/patches/goal-team-delivery/verify-runtime.mjs: OK
